__FILE__ __FILE__
__LINE__ __LINE__
asm asm
auto auto
break break
case case
cdecl cdecl
char char
continue continue
default default
defined defined
do do
double double
else else
enum enum
extern extern
far far
float float
for for
fortran fortran
goto goto
huge huge
if if
int int
long long
main main
near near
pascal pascal
register register
return return
short short
signed signed
sizeof sizeof
static static
struct struct
switch switch
typedef typedef
union union
unsigned unsigned
void void
while while
pack pack
check_pointer check_pointer
check_stack check_stack
on on
off off
lexin lexin
_SIZE_T_DEFINED _SIZE_T_DEFINED
size_t size_t
_VA_LIST_DEFINED _VA_LIST_DEFINED
va_list va_list
NO_EXT_KEYS NO_EXT_KEYS
_CDECL _CDECL
_NEAR _NEAR
BUFSIZ BUFSIZ
_NFILE _NFILE
EOF EOF
_FILE_DEFINED _FILE_DEFINED
FILE FILE
_iobuf _iobuf
P_tmpdir P_tmpdir
L_tmpnam L_tmpnam
SEEK_CUR SEEK_CUR
SEEK_END SEEK_END
SEEK_SET SEEK_SET
SYS_OPEN SYS_OPEN
TMP_MAX TMP_MAX
M_I86SM M_I86SM
M_I86MM M_I86MM
NULL NULL
M_I86CM M_I86CM
M_I86LM M_I86LM
M_I86HM M_I86HM
_IOB_DEFINED _IOB_DEFINED
_ptr _ptr
_cnt _cnt
_base _base
_flag _flag
_file _file
_iob _iob
fpos_t fpos_t
stdin stdin
stdout stdout
stderr stderr
stdaux stdaux
stdprn stdprn
_IOREAD _IOREAD
_IOWRT _IOWRT
_IOFBF _IOFBF
_IOLBF _IOLBF
_IONBF _IONBF
_IOMYBUF _IOMYBUF
_IOEOF _IOEOF
_IOERR _IOERR
_IOSTRG _IOSTRG
_IORW _IORW
getc getc
f f
_filbuf _filbuf
putc putc
c c
_flsbuf _flsbuf
getchar getchar
putchar putchar
feof feof
ferror ferror
fileno fileno
clearerr clearerr
fclose fclose
fcloseall fcloseall
fdopen fdopen
fflush fflush
fgetc fgetc
fgetchar fgetchar
fgetpos fgetpos
fgets fgets
flushall flushall
fopen fopen
const const
fprintf fprintf
fputc fputc
fputchar fputchar
fputs fputs
fread fread
freopen freopen
fscanf fscanf
fsetpos fsetpos
fseek fseek
ftell ftell
fwrite fwrite
gets gets
getw getw
perror perror
printf printf
puts puts
putw putw
remove remove
rename rename
rewind rewind
rmtmp rmtmp
scanf scanf
setbuf setbuf
setvbuf setvbuf
sprintf sprintf
sscanf sscanf
tempnam tempnam
tmpfile tmpfile
tmpnam tmpnam
ungetc ungetc
unlink unlink
vfprintf vfprintf
vprintf vprintf
vsprintf vsprintf
lextab lextab
llendst llendst
lldefault lldefault
llnext llnext
llcheck llcheck
llbase llbase
llnxtmax llnxtmax
llmove llmove
llfinal llfinal
llactr llactr
lllook lllook
llign llign
llbrk llbrk
llill llill
NBPW NBPW
LEXERR LEXERR
LEXSKIP LEXSKIP
LEXECHO LEXECHO
fp fp
lexecho lexecho
lextext lextext
llbuf llbuf
lexlast lexlast
llend llend
comment comment
mat mat
gettoken gettoken
lltb lltb
lltbsiz lltbsiz
integ integ
cp cp
base base
lexchar lexchar
lexerror lexerror
s s
arg1 arg1
arg2 arg2
arg3 arg3
lexgetc lexgetc
lexlength lexlength
lexpeekc lexpeekc
lexswitch lexswitch
lp lp
_lmovb _lmovb
st st
_lmovi _lmovi
mapch mapch
delim delim
esc esc
token token
cpp cpp
tst__b tst__b
tab tab
yylex yylex
llinp llinp
llset llset
llinit llinit
LL16BIT _202
_tabp _203
yyline _204
lexval _205
lbuf _206
MAX _207
_Alextab _208
__na__ _209
buffer _210
translation _211
include _212
get_file _213
is_system_include_file _214
TRUE _215
print_current_token _216
translate _217
do_comment _218
do_new_comment _219
_Flextab _220
LLTYPE1 _221
_Nlextab _222
_Clextab _223
_Dlextab _224
_Blextab _225
LLILL _226
Z _227
_Zlextab _228
llstin _229
memccpy memccpy
memchr memchr
memcmp memcmp
memicmp memicmp
memcpy memcpy
memmove memmove
memset memset
movedata movedata
strcat strcat
strchr strchr
strcmp strcmp
strcmpi strcmpi
stricmp stricmp
strcpy strcpy
strcspn strcspn
strdup strdup
_strerror _strerror
strerror strerror
strlen strlen
strlwr strlwr
strncat strncat
strncmp strncmp
strnicmp strnicmp
strncpy strncpy
strnset strnset
strpbrk strpbrk
strrchr strrchr
strrev strrev
strset strset
strspn strspn
strstr strstr
strtok strtok
strupr strupr
_ONEXIT_T_DEFINED _ONEXIT_T_DEFINED
onexit_t onexit_t
_DIV_T_DEFINED _DIV_T_DEFINED
quot quot
rem rem
div_t div_t
ldiv_t ldiv_t
RAND_MAX RAND_MAX
max max
a a
b b
min min
_MAX_PATH _MAX_PATH
_MAX_DRIVE _MAX_DRIVE
_MAX_DIR _MAX_DIR
_MAX_FNAME _MAX_FNAME
_MAX_EXT _MAX_EXT
errno errno
_doserrno _doserrno
sys_errlist sys_errlist
sys_nerr sys_nerr
environ environ
_psp _psp
_fmode _fmode
_osmajor _osmajor
_osminor _osminor
DOS_MODE DOS_MODE
OS2_MODE OS2_MODE
_osmode _osmode
atof atof
strtod strtod
ldiv ldiv
abort abort
abs abs
atexit atexit
atoi atoi
atol atol
bsearch bsearch
calloc calloc
div div
ecvt ecvt
exit exit
_exit _exit
fcvt fcvt
free free
gcvt gcvt
getenv getenv
itoa itoa
labs labs
_lrotl _lrotl
_lrotr _lrotr
ltoa ltoa
_makepath _makepath
malloc malloc
onexit onexit
putenv putenv
qsort qsort
_rotl _rotl
_rotr _rotr
rand rand
realloc realloc
_searchenv _searchenv
_splitpath _splitpath
srand srand
strtol strtol
strtoul strtoul
swab swab
system system
ultoa ultoa
tolower tolower
toupper toupper
search_open _334
file _335
file_prefix _336
announce _337
string _338
prefix _339
lexfile _340
fd _341
return_code _342
FALSE _343
stack_stream _344
MAX_NAME _345
path _346
name _347
i _348
tmp _349
head _350
tail _351
lsearch lsearch
lfind lfind
mapping _354
old _355
new _356
MAX_MAPPINGS _357
mappings _358
number_of_mappings _359
save_mapping _360
filename _361
load_mapping _362
equal_mappings _363
x _364
y _365
previous_mappings _366
temp_mapping _367
temp _368
result _369
load_mappings _370
save_mappings _371
optarg optarg
optind optind
opterr opterr
getopt getopt
argcount argcount
argvalue argvalue
option_string option_string
main _379
option _380
include_path _381
init_streams _382
lno _383
ch _384
unstack_stream _385
MAX_STREAMS _386
slot _387
stream _388
line _389
is_system _390
stream_stack _391
stack _392
stack_pointer _393
streams _394
print_rest_of_line _395
pack _397
input_name _405
output _406
SUN _407
_ASSERT_DEFINED _ASSERT_DEFINED
NDEBUG NDEBUG
_assertstring _assertstring
assert assert
exp exp
_COM_INIT _COM_INIT
_COM_SEND _COM_SEND
_COM_RECEIVE _COM_RECEIVE
_COM_STATUS _COM_STATUS
_COM_CHR7 _COM_CHR7
_COM_CHR8 _COM_CHR8
_COM_STOP1 _COM_STOP1
_COM_STOP2 _COM_STOP2
_COM_NOPARITY _COM_NOPARITY
_COM_ODDPARITY _COM_ODDPARITY
_COM_EVENPARITY _COM_EVENPARITY
_COM_110 _COM_110
_COM_150 _COM_150
_COM_300 _COM_300
_COM_600 _COM_600
_COM_1200 _COM_1200
_COM_2400 _COM_2400
_COM_4800 _COM_4800
_COM_9600 _COM_9600
_DISK_RESET _DISK_RESET
_DISK_STATUS _DISK_STATUS
_DISK_READ _DISK_READ
_DISK_WRITE _DISK_WRITE
_DISK_VERIFY _DISK_VERIFY
_DISK_FORMAT _DISK_FORMAT
_DISKINFO_T_DEFINED _DISKINFO_T_DEFINED
diskinfo_t diskinfo_t
drive drive
track track
sector sector
nsectors nsectors
_KEYBRD_READ _KEYBRD_READ
_KEYBRD_READY _KEYBRD_READY
_KEYBRD_SHIFTSTATUS _KEYBRD_SHIFTSTATUS
_PRINTER_WRITE _PRINTER_WRITE
_PRINTER_INIT _PRINTER_INIT
_PRINTER_STATUS _PRINTER_STATUS
_TIME_GETCLOCK _TIME_GETCLOCK
_TIME_SETCLOCK _TIME_SETCLOCK
_REGS_DEFINED _REGS_DEFINED
WORDREGS WORDREGS
ax ax
bx bx
cx cx
dx dx
si si
di di
cflag cflag
BYTEREGS BYTEREGS
al al
ah ah
bl bl
bh bh
cl cl
dl dl
dh dh
REGS REGS
h h
SREGS SREGS
es es
cs cs
ss ss
ds ds
_bios_equiplist _bios_equiplist
_bios_keybrd _bios_keybrd
_bios_memsize _bios_memsize
_bios_printer _bios_printer
_bios_serialcom _bios_serialcom
_bios_timeofday _bios_timeofday
int86 int86
int86x int86x
_bios_disk _bios_disk
cgets cgets
cprintf cprintf
cputs cputs
cscanf cscanf
getch getch
getche getche
inp inp
inpw inpw
kbhit kbhit
outp outp
outpw outpw
putch putch
ungetch ungetch
_ctype _ctype
_UPPER _UPPER
_LOWER _LOWER
_DIGIT _DIGIT
_SPACE _SPACE
_PUNCT _PUNCT
_CONTROL _CONTROL
_BLANK _BLANK
_HEX _HEX
isalpha isalpha
isupper isupper
islower islower
isdigit isdigit
isxdigit isxdigit
isspace isspace
ispunct ispunct
isalnum isalnum
isprint isprint
isgraph isgraph
iscntrl iscntrl
_toupper _toupper
_tolower _tolower
isascii isascii
toascii toascii
iscsymf iscsymf
iscsym iscsym
chdir chdir
getcwd getcwd
mkdir mkdir
rmdir rmdir
_DOSERROR_DEFINED _DOSERROR_DEFINED
DOSERROR DOSERROR
exterror exterror
class class
action action
locus locus
_FIND_T_DEFINED _FIND_T_DEFINED
find_t find_t
reserved reserved
attrib attrib
wr_time wr_time
wr_date wr_date
size size
_DATETIME_T_DEFINED _DATETIME_T_DEFINED
dosdate_t dosdate_t
day day
month month
year year
dayofweek dayofweek
dostime_t dostime_t
hour hour
minute minute
second second
hsecond hsecond
_DISKFREE_T_DEFINED _DISKFREE_T_DEFINED
diskfree_t diskfree_t
total_clusters total_clusters
avail_clusters avail_clusters
sectors_per_cluster sectors_per_cluster
bytes_per_sector bytes_per_sector
_HARDERR_IGNORE _HARDERR_IGNORE
_HARDERR_RETRY _HARDERR_RETRY
_HARDERR_ABORT _HARDERR_ABORT
_HARDERR_FAIL _HARDERR_FAIL
_A_NORMAL _A_NORMAL
_A_RDONLY _A_RDONLY
_A_HIDDEN _A_HIDDEN
_A_SYSTEM _A_SYSTEM
_A_VOLID _A_VOLID
_A_SUBDIR _A_SUBDIR
_A_ARCH _A_ARCH
FP_SEG FP_SEG
FP_OFF FP_OFF
_osversion _osversion
bdos bdos
_disable _disable
_dos_allocmem _dos_allocmem
_dos_close _dos_close
_dos_creat _dos_creat
_dos_creatnew _dos_creatnew
_dos_findfirst _dos_findfirst
_dos_findnext _dos_findnext
_dos_freemem _dos_freemem
_dos_getdate _dos_getdate
_dos_getdrive _dos_getdrive
_dos_getdiskfree _dos_getdiskfree
_dos_getfileattr _dos_getfileattr
_dos_getftime _dos_getftime
_dos_gettime _dos_gettime
_dos_keep _dos_keep
_dos_open _dos_open
_dos_setblock _dos_setblock
_dos_setdate _dos_setdate
_dos_setdrive _dos_setdrive
_dos_setfileattr _dos_setfileattr
_dos_setftime _dos_setftime
_dos_settime _dos_settime
dosexterr dosexterr
_enable _enable
_hardresume _hardresume
_hardretn _hardretn
intdos intdos
intdosx intdosx
segread segread
_chain_intr _chain_intr
interrupt interrupt
_dos_getvect _dos_getvect
_dos_read _dos_read
_dos_setvect _dos_setvect
_dos_write _dos_write
_harderr _harderr
EZERO EZERO
EPERM EPERM
ENOENT ENOENT
ESRCH ESRCH
EINTR EINTR
EIO EIO
ENXIO ENXIO
E2BIG E2BIG
ENOEXEC ENOEXEC
EBADF EBADF
ECHILD ECHILD
EAGAIN EAGAIN
ENOMEM ENOMEM
EACCES EACCES
EFAULT EFAULT
ENOTBLK ENOTBLK
EBUSY EBUSY
EEXIST EEXIST
EXDEV EXDEV
ENODEV ENODEV
ENOTDIR ENOTDIR
EISDIR EISDIR
EINVAL EINVAL
ENFILE ENFILE
EMFILE EMFILE
ENOTTY ENOTTY
ETXTBSY ETXTBSY
EFBIG EFBIG
ENOSPC ENOSPC
ESPIPE ESPIPE
EROFS EROFS
EMLINK EMLINK
EPIPE EPIPE
EDOM EDOM
ERANGE ERANGE
EUCLEAN EUCLEAN
EDEADLOCK EDEADLOCK
O_RDONLY O_RDONLY
O_WRONLY O_WRONLY
O_RDWR O_RDWR
O_APPEND O_APPEND
O_CREAT O_CREAT
O_TRUNC O_TRUNC
O_EXCL O_EXCL
O_TEXT O_TEXT
O_BINARY O_BINARY
O_RAW O_RAW
O_NOINHERIT O_NOINHERIT
DBL_DIG DBL_DIG
DBL_EPSILON DBL_EPSILON
DBL_MANT_DIG DBL_MANT_DIG
DBL_MAX DBL_MAX
DBL_MAX_10_EXP DBL_MAX_10_EXP
DBL_MAX_EXP DBL_MAX_EXP
DBL_MIN DBL_MIN
DBL_MIN_10_EXP DBL_MIN_10_EXP
DBL_RADIX DBL_RADIX
DBL_ROUNDS DBL_ROUNDS
FLT_DIG FLT_DIG
FLT_EPSILON FLT_EPSILON
FLT_GUARD FLT_GUARD
FLT_MANT_DIG FLT_MANT_DIG
FLT_MAX FLT_MAX
FLT_MAX_10_EXP FLT_MAX_10_EXP
FLT_MAX_EXP FLT_MAX_EXP
FLT_MIN FLT_MIN
FLT_MIN_10_EXP FLT_MIN_10_EXP
FLT_MIN_EXP FLT_MIN_EXP
FLT_NORMALIZE FLT_NORMALIZE
FLT_RADIX FLT_RADIX
FLT_ROUNDS FLT_ROUNDS
LDBL_DIG LDBL_DIG
LDBL_EPSILON LDBL_EPSILON
LDBL_MANT_DIG LDBL_MANT_DIG
LDBL_MAX LDBL_MAX
LDBL_MAX_10_EXP LDBL_MAX_10_EXP
LDBL_MAX_EXP LDBL_MAX_EXP
LDBL_MIN LDBL_MIN
LDBL_MIN_10_EXP LDBL_MIN_10_EXP
LDBL_RADIX LDBL_RADIX
LDBL_ROUNDS LDBL_ROUNDS
MCW_EM MCW_EM
EM_INVALID EM_INVALID
EM_DENORMAL EM_DENORMAL
EM_ZERODIVIDE EM_ZERODIVIDE
EM_OVERFLOW EM_OVERFLOW
EM_UNDERFLOW EM_UNDERFLOW
EM_INEXACT EM_INEXACT
MCW_IC MCW_IC
IC_AFFINE IC_AFFINE
IC_PROJECTIVE IC_PROJECTIVE
MCW_RC MCW_RC
RC_CHOP RC_CHOP
RC_UP RC_UP
RC_DOWN RC_DOWN
RC_NEAR RC_NEAR
MCW_PC MCW_PC
PC_24 PC_24
PC_53 PC_53
PC_64 PC_64
CW_DEFAULT CW_DEFAULT
SW_INVALID SW_INVALID
SW_DENORMAL SW_DENORMAL
SW_ZERODIVIDE SW_ZERODIVIDE
SW_OVERFLOW SW_OVERFLOW
SW_UNDERFLOW SW_UNDERFLOW
SW_INEXACT SW_INEXACT
SW_UNEMULATED SW_UNEMULATED
SW_SQRTNEG SW_SQRTNEG
SW_STACKOVERFLOW SW_STACKOVERFLOW
SW_STACKUNDERFLOW SW_STACKUNDERFLOW
FPE_INVALID FPE_INVALID
FPE_DENORMAL FPE_DENORMAL
FPE_ZERODIVIDE FPE_ZERODIVIDE
FPE_OVERFLOW FPE_OVERFLOW
FPE_UNDERFLOW FPE_UNDERFLOW
FPE_INEXACT FPE_INEXACT
FPE_UNEMULATED FPE_UNEMULATED
FPE_SQRTNEG FPE_SQRTNEG
FPE_STACKOVERFLOW FPE_STACKOVERFLOW
FPE_STACKUNDERFLOW FPE_STACKUNDERFLOW
FPE_EXPLICITGEN FPE_EXPLICITGEN
_clear87 _clear87
_control87 _control87
_fpreset _fpreset
_status87 _status87
_GRAPH_T_DEFINED _GRAPH_T_DEFINED
videoconfig videoconfig
numxpixels numxpixels
numypixels numypixels
numtextcols numtextcols
numtextrows numtextrows
numcolors numcolors
bitsperpixel bitsperpixel
numvideopages numvideopages
mode mode
adapter adapter
monitor monitor
memory memory
xycoord xycoord
xcoord xcoord
ycoord ycoord
rccoord rccoord
row row
col col
_setvideomode _setvideomode
_DEFAULTMODE _DEFAULTMODE
_TEXTBW40 _TEXTBW40
_TEXTC40 _TEXTC40
_TEXTBW80 _TEXTBW80
_TEXTC80 _TEXTC80
_MRES4COLOR _MRES4COLOR
_MRESNOCOLOR _MRESNOCOLOR
_HRESBW _HRESBW
_TEXTMONO _TEXTMONO
_HERCMONO _HERCMONO
_MRES16COLOR _MRES16COLOR
_HRES16COLOR _HRES16COLOR
_ERESNOCOLOR _ERESNOCOLOR
_ERESCOLOR _ERESCOLOR
_VRES2COLOR _VRES2COLOR
_VRES16COLOR _VRES16COLOR
_MRES256COLOR _MRES256COLOR
_setactivepage _setactivepage
_setvisualpage _setvisualpage
_MDPA _MDPA
_CGA _CGA
_EGA _EGA
_VGA _VGA
_MCGA _MCGA
_HGC _HGC
_MONO _MONO
_COLOR _COLOR
_ENHCOLOR _ENHCOLOR
_ANALOG _ANALOG
_getvideoconfig _getvideoconfig
_setlogorg _setlogorg
_getlogcoord _getlogcoord
_getphyscoord _getphyscoord
_setcliprgn _setcliprgn
_setviewport _setviewport
_GBORDER _GBORDER
_GFILLINTERIOR _GFILLINTERIOR
_GCLEARSCREEN _GCLEARSCREEN
_GVIEWPORT _GVIEWPORT
_GWINDOW _GWINDOW
_clearscreen _clearscreen
_moveto _moveto
_getcurrentposition _getcurrentposition
_lineto _lineto
_rectangle _rectangle
_ellipse _ellipse
_arc _arc
_pie _pie
_setpixel _setpixel
_getpixel _getpixel
_floodfill _floodfill
_setcolor _setcolor
_getcolor _getcolor
_setlinestyle _setlinestyle
_getlinestyle _getlinestyle
_setfillmask _setfillmask
_getfillmask _getfillmask
_setbkcolor _setbkcolor
_getbkcolor _getbkcolor
_remappalette _remappalette
_remapallpalette _remapallpalette
_selectpalette _selectpalette
_GCURSOROFF _GCURSOROFF
_GCURSORON _GCURSORON
_GWRAPOFF _GWRAPOFF
_GWRAPON _GWRAPON
_settextwindow _settextwindow
_outtext _outtext
_wrapon _wrapon
_displaycursor _displaycursor
_settextposition _settextposition
_gettextposition _gettextposition
_settextcolor _settextcolor
_gettextcolor _gettextcolor
_getimage _getimage
_putimage _putimage
_imagesize _imagesize
_GPSET _GPSET
_GPRESET _GPRESET
_GAND _GAND
_GOR _GOR
_GXOR _GXOR
_BLACK _BLACK
_BLUE _BLUE
_GREEN _GREEN
_CYAN _CYAN
_RED _RED
_MAGENTA _MAGENTA
_BROWN _BROWN
_WHITE _WHITE
_GRAY _GRAY
_LIGHTBLUE _LIGHTBLUE
_LIGHTGREEN _LIGHTGREEN
_LIGHTCYAN _LIGHTCYAN
_LIGHTRED _LIGHTRED
_LIGHTMAGENTA _LIGHTMAGENTA
_LIGHTYELLOW _LIGHTYELLOW
_BRIGHTWHITE _BRIGHTWHITE
_MODEFOFF _MODEFOFF
_MODEFOFFTOON _MODEFOFFTOON
_MODEFOFFTOHI _MODEFOFFTOHI
_MODEFONTOOFF _MODEFONTOOFF
_MODEFON _MODEFON
_MODEFONTOHI _MODEFONTOHI
_MODEFHITOOFF _MODEFHITOOFF
_MODEFHITOON _MODEFHITOON
_MODEFHI _MODEFHI
_MODE7OFF _MODE7OFF
_MODE7ON _MODE7ON
_MODE7HI _MODE7HI
access access
chmod chmod
chsize chsize
close close
creat creat
dup dup
dup2 dup2
eof eof
filelength filelength
isatty isatty
locking locking
lseek lseek
mktemp mktemp
open open
read read
setmode setmode
sopen sopen
tell tell
umask umask
write write
_CHAR_UNSIGNED _CHAR_UNSIGNED
CHAR_MAX CHAR_MAX
CHAR_MIN CHAR_MIN
SCHAR_MAX SCHAR_MAX
SCHAR_MIN SCHAR_MIN
UCHAR_MAX UCHAR_MAX
CHAR_BIT CHAR_BIT
USHRT_MAX USHRT_MAX
SHRT_MAX SHRT_MAX
SHRT_MIN SHRT_MIN
UINT_MAX UINT_MAX
ULONG_MAX ULONG_MAX
INT_MAX INT_MAX
INT_MIN INT_MIN
LONG_MAX LONG_MAX
LONG_MIN LONG_MIN
_HEAPEMPTY _HEAPEMPTY
_HEAPOK _HEAPOK
_HEAPBADBEGIN _HEAPBADBEGIN
_HEAPBADNODE _HEAPBADNODE
_HEAPEND _HEAPEND
_HEAPBADPTR _HEAPBADPTR
_FREEENTRY _FREEENTRY
_USEDENTRY _USEDENTRY
_HEAPINFO_DEFINED _HEAPINFO_DEFINED
_heapinfo _heapinfo
_pentry _pentry
_size _size
_useflag _useflag
_HEAPINFO _HEAPINFO
_heapchk _heapchk
_nheapchk _nheapchk
_heapset _heapset
_nheapset _nheapset
_heapwalk _heapwalk
_nheapwalk _nheapwalk
_fheapchk _fheapchk
_fheapset _fheapset
_fheapwalk _fheapwalk
_amblksiz _amblksiz
alloca alloca
_expand _expand
_freect _freect
_memavl _memavl
_memmax _memmax
_msize _msize
sbrk sbrk
stackavail stackavail
_ffree _ffree
_fmalloc _fmalloc
_fmsize _fmsize
_QC _QC
halloc halloc
hfree hfree
_nfree _nfree
_nmalloc _nmalloc
_nmsize _nmsize
_EXCEPTION_DEFINED _EXCEPTION_DEFINED
exception exception
type type
retval retval
_COMPLEX_DEFINED _COMPLEX_DEFINED
complex complex
DOMAIN DOMAIN
SING SING
OVERFLOW OVERFLOW
UNDERFLOW UNDERFLOW
TLOSS TLOSS
PLOSS PLOSS
HUGE HUGE
HUGE_VAL HUGE_VAL
acos acos
asin asin
atan atan
atan2 atan2
cabs cabs
ceil ceil
cos cos
cosh cosh
dieeetomsbin dieeetomsbin
dmsbintoieee dmsbintoieee
fabs fabs
fieeetomsbin fieeetomsbin
floor floor
fmod fmod
fmsbintoieee fmsbintoieee
frexp frexp
hypot hypot
j0 j0
j1 j1
jn jn
ldexp ldexp
log log
log10 log10
matherr matherr
modf modf
pow pow
sin sin
sinh sinh
sqrt sqrt
tan tan
tanh tanh
y0 y0
y1 y1
yn yn
_p_overlay _p_overlay
P_WAIT P_WAIT
P_NOWAIT P_NOWAIT
P_OVERLAY P_OVERLAY
OLD_P_OVERLAY OLD_P_OVERLAY
P_NOWAITO P_NOWAITO
WAIT_CHILD WAIT_CHILD
WAIT_GRANDCHILD WAIT_GRANDCHILD
cwait cwait
execl execl
execle execle
execlp execlp
execlpe execlpe
execv execv
execve execve
execvp execvp
execvpe execvpe
getpid getpid
spawnl spawnl
spawnle spawnle
spawnlp spawnlp
spawnlpe spawnlpe
spawnv spawnv
spawnve spawnve
spawnvp spawnvp
spawnvpe spawnvpe
wait wait
_JBLEN _JBLEN
_JMP_BUF_DEFINED _JMP_BUF_DEFINED
jmp_buf jmp_buf
setjmp setjmp
longjmp longjmp
SH_COMPAT SH_COMPAT
SH_DENYRW SH_DENYRW
SH_DENYWR SH_DENYWR
SH_DENYRD SH_DENYRD
SH_DENYNO SH_DENYNO
_SIG_ATOMIC_T_DEFINED _SIG_ATOMIC_T_DEFINED
sig_atomic_t sig_atomic_t
NSIG NSIG
SIGINT SIGINT
SIGILL SIGILL
SIGFPE SIGFPE
SIGSEGV SIGSEGV
SIGTERM SIGTERM
SIGUSR1 SIGUSR1
SIGUSR2 SIGUSR2
SIGUSR3 SIGUSR3
SIGBREAK SIGBREAK
SIGABRT SIGABRT
SIG_DFL SIG_DFL
SIG_IGN SIG_IGN
SIG_SGE SIG_SGE
SIG_ACK SIG_ACK
SIG_ERR SIG_ERR
signal signal
raise raise
va_start va_start
ap ap
v v
va_arg va_arg
t t
va_end va_end
_PTRDIFF_T_DEFINED _PTRDIFF_T_DEFINED
ptrdiff_t ptrdiff_t
LK_UNLCK LK_UNLCK
LK_LOCK LK_LOCK
LK_NBLCK LK_NBLCK
LK_RLCK LK_RLCK
LK_NBRLCK LK_NBRLCK
CDECL CDECL
_TIME_T_DEFINED _TIME_T_DEFINED
time_t time_t
_STAT_DEFINED _STAT_DEFINED
stat stat
dev_t dev_t
st_dev st_dev
ino_t ino_t
st_ino st_ino
st_mode st_mode
st_nlink st_nlink
st_uid st_uid
st_gid st_gid
st_rdev st_rdev
off_t off_t
st_size st_size
st_atime st_atime
st_mtime st_mtime
st_ctime st_ctime
S_IFMT S_IFMT
S_IFDIR S_IFDIR
S_IFCHR S_IFCHR
S_IFREG S_IFREG
S_IREAD S_IREAD
S_IWRITE S_IWRITE
S_IEXEC S_IEXEC
fstat fstat
_TIMEB_DEFINED _TIMEB_DEFINED
timeb timeb
time time
millitm millitm
timezone timezone
dstflag dstflag
ftime ftime
_INO_T_DEFINED _INO_T_DEFINED
_DEV_T_DEFINED _DEV_T_DEFINED
_OFF_T_DEFINED _OFF_T_DEFINED
_UTIMBUF_DEFINED _UTIMBUF_DEFINED
utimbuf utimbuf
actime actime
modtime modtime
utime utime
_CLOCK_T_DEFINED _CLOCK_T_DEFINED
clock_t clock_t
_TM_DEFINED _TM_DEFINED
tm tm
tm_sec tm_sec
tm_min tm_min
tm_hour tm_hour
tm_mday tm_mday
tm_mon tm_mon
tm_year tm_year
tm_wday tm_wday
tm_yday tm_yday
tm_isdst tm_isdst
CLK_TCK CLK_TCK
daylight daylight
tzname tzname
asctime asctime
ctime ctime
clock clock
difftime difftime
gmtime gmtime
localtime localtime
mktime mktime
_strdate _strdate
_strtime _strtime
tzset tzset
va_dcl va_dcl
va_alist va_alist
u _1130
l _1131
